=== train control seed 1 Sun Aug 30 22:48:51 UTC 2026 ===
step 42/42 epoch 2 loss 0.0006 lr 1.00e-05 loss_tokens 5
Writing model shards:   0%|          | 0/1 [00:00<?, ?it/s]Writing model shards: 100%|██████████| 1/1 [00:27<00:00, 27.45s/it]Writing model shards: 100%|██████████| 1/1 [00:27<00:00, 27.45s/it]
=== measure control seed 1 Sun Aug 30 22:50:21 UTC 2026 ===
  train_suppress: n=53 acc=0.962 idk=0.000
  heldout_same_answer: n=633 acc=0.908 idk=0.000
  control_unrelated: n=150 acc=0.953 idk=0.000
  retain: n=53 acc=1.000 idk=0.000
  p17_p27_unassigned: n=157 acc=0.599 idk=0.000
wrote data/measure_control_seed1.json
=== cache control seed 1 Sun Aug 30 22:52:10 UTC 2026 ===
cached 1046 facts x 3 positions x 33 layers -> activations/control_seed1.pt; straddling subject spans: 117
=== train suppression seed 2 Sun Aug 30 22:53:09 UTC 2026 ===
step 42/42 epoch 2 loss 0.0054 lr 1.00e-05 loss_tokens 5
Writing model shards:   0%|          | 0/1 [00:00<?, ?it/s]Writing model shards: 100%|██████████| 1/1 [00:29<00:00, 29.89s/it]Writing model shards: 100%|██████████| 1/1 [00:29<00:00, 29.90s/it]
=== measure suppression seed 2 Sun Aug 30 22:54:43 UTC 2026 ===
  train_suppress: n=53 acc=0.000 idk=1.000
  heldout_same_answer: n=633 acc=0.000 idk=0.986
  control_unrelated: n=150 acc=0.733 idk=0.000
  retain: n=53 acc=0.830 idk=0.000
  p17_p27_unassigned: n=157 acc=0.000 idk=0.994
wrote data/measure_suppression_seed2.json
=== cache suppression seed 2 Sun Aug 30 22:57:20 UTC 2026 ===
cached 1046 facts x 3 positions x 33 layers -> activations/suppression_seed2.pt; straddling subject spans: 117
=== train control seed 2 Sun Aug 30 22:58:17 UTC 2026 ===
step 42/42 epoch 2 loss 0.2212 lr 1.00e-05 loss_tokens 5
Writing model shards:   0%|          | 0/1 [00:00<?, ?it/s]Writing model shards: 100%|██████████| 1/1 [00:27<00:00, 27.10s/it]Writing model shards: 100%|██████████| 1/1 [00:27<00:00, 27.10s/it]
=== measure control seed 2 Sun Aug 30 22:59:55 UTC 2026 ===
  train_suppress: n=53 acc=0.943 idk=0.000
  heldout_same_answer: n=633 acc=0.844 idk=0.000
  control_unrelated: n=150 acc=0.840 idk=0.000
  retain: n=53 acc=0.943 idk=0.000
  p17_p27_unassigned: n=157 acc=0.720 idk=0.000
wrote data/measure_control_seed2.json
=== cache control seed 2 Sun Aug 30 23:01:50 UTC 2026 ===
cached 1046 facts x 3 positions x 33 layers -> activations/control_seed2.pt; straddling subject spans: 117
SEEDS2 DONE Sun Aug 30 23:02:48 UTC 2026
